[shop.unityrp.io/index.html]
[backblue.gif]
[fade.gif]
[index.html]
[dunb17ur4ymx4.cloudfront.net/webstore/favicons/d9f7ff503880ae48a711fd7ca87e6ab9b44e34f2.png]
[shop.unityrp.io/templates/209/css/style.min.css]
[i.imgur.com/AVoKStB.png]
[i.imgur.com/OY2ur6c.png]
[cdnjs.cloudflare.com/ajax/libs/animate.css/3.5.2/animate.min.css]
[ajax.googleapis.com/ajax/libs/jquery/1.11.0/jquery.min.js]
[cdn.jsdelivr.net/npm/@mdi/font@3.5.95/css/materialdesignicons.min.css]
[cdn.jsdelivr.net/npm/clipboard@2/dist/clipboard.min.js]
[unpkg.com/sweetalert@2.1.2/dist/sweetalert.min.js]
[dunb17ur4ymx4.cloudfront.net/webstore/logos/e3f0e0633661e9ab1d56fff6157a80ae84a628c8.png]
[cdnjs.cloudflare.com/ajax/libs/particles.js/2.0.0/particles.min.js]
[code.jquery.com/jquery-1.12.4.min.js]
[shop.unityrp.io/category/shop.html]
[shop.unityrp.io/index741e.html]
[shop.unityrp.io/checkout/basket.html]
[shop.unityrp.io/index3a16.html]
[shop.unityrp.io/login.html]
[dunb17ur4ymx4.cloudfront.net/packages/images/826be7ba04a5040589e60c118b1ad18e74248f01.png]
[shop.unityrp.io/index06e8.html]
[shop.unityrp.io/index8e83.html]
[forum.cfx.re/user_avatar/forum.cfx.re/mathias_michelet/256/2056179_2.png]
[shop.unityrp.io/indexde9d.html]
[forum.cfx.re/user_avatar/forum.cfx.re/koxoo/256/898256_2.jpg]
[shop.unityrp.io/index3dc6.html]
[shop.unityrp.io/index8f22.html]
[forum.cfx.re/user_avatar/forum.cfx.re/brizzak47/256/2740951_2.jpg]
[shop.unityrp.io/indexdc8f.html]
[shop.unityrp.io/terms/checkout.html]
[shop.unityrp.io/indexbfa2.html]
[shop.unityrp.io/terms/privacy.html]
[shop.unityrp.io/terms/impressum.html]
[shop.unityrp.io/index5d1e.html]
[shop.unityrp.io/index0307.html]
[shop.unityrp.io/templates/209/js/bootstrap.min.js]
[shop.unityrp.io/templates/209/js/skin.min.js]
[shop.unityrp.io/templates/209/js/site.js]
[shop.unityrp.io/index.html]
[shop.unityrp.io/assets/js/discord.js]
[shop.unityrp.io/templates/209/fonts/fontawesome-webfontba72.eot]
[shop.unityrp.io/templates/209/fonts/fontawesome-webfontd41d.eot]
[shop.unityrp.io/templates/209/fonts/fontawesome-webfontba72.woff]
[shop.unityrp.io/templates/209/fonts/fontawesome-webfontba72.ttf]
[shop.unityrp.io/templates/209/css/style.min.css]
[cdnjs.cloudflare.com/ajax/libs/animate.css/3.5.2/animate.min.css]
[cdn.jsdelivr.net/npm/@mdi/font@3.5.95/css/materialdesignicons.min.css]
[dunb17ur4ymx4.cloudfront.net/packages/images/71b729b1987162567f6d425ca5a1a67e06e559c2.png]
[dunb17ur4ymx4.cloudfront.net/packages/images/f39f9d2b4a754079a9010e662ec75608154a0502.png]
[dunb17ur4ymx4.cloudfront.net/packages/images/7a7df0375d49f1737544cca3078e6de84328bf2f.png]
[shop.unityrp.io/templates/209/fonts/fontawesome-webfontba72.svg]
[dunb17ur4ymx4.cloudfront.net/packages/images/40fa9e7d8d33df2e540316463543ab97bcf99490.png]
[shop.unityrp.io/category/shop.html]
[shop.unityrp.io/index741e.html]
[shop.unityrp.io/index3a16.html]
[shop.unityrp.io/index06e8.html]
[shop.unityrp.io/index8e83.html]
[shop.unityrp.io/indexde9d.html]
[shop.unityrp.io/index3dc6.html]
[shop.unityrp.io/index8f22.html]
[shop.unityrp.io/indexdc8f.html]
[shop.unityrp.io/indexbfa2.html]
[shop.unityrp.io/index5d1e.html]
[shop.unityrp.io/index0307.html]
[shop.unityrp.io/checkout/basket.html]
[shop.unityrp.io/login.html]
[shop.unityrp.io/terms/checkout.html]
[shop.unityrp.io/terms/privacy.html]
[shop.unityrp.io/terms/impressum.html]
[shop.unityrp.io/templates/209/fonts/fontawesome-webfontba72.svg]
